Copyright 1986-2022 Xilinx, Inc. All Rights Reserved. Copyright 2022-2023 Advanced Micro Devices, Inc. All Rights Reserved.
---------------------------------------------------------------------------------------------------------------------------------------------
| Tool Version : Vivado v.2023.2 (win64) Build 4029153 Fri Oct 13 20:14:34 MDT 2023
| Date         : Sat May  9 08:06:31 2026
| Host         : DESKTOP-73784OM running 64-bit major release  (build 9200)
| Command      : report_utilization -file C:/_Project/FLUX_CNN/Syn/reports_vd100/utilization_synth.rpt -hierarchical -hierarchical_depth 4
| Design       : multicore_top_vd100_bd
| Device       : xcve2302-sfva784-1LP-e-S
| Speed File   : -1LP
| Design State : Synthesized
---------------------------------------------------------------------------------------------------------------------------------------------

Utilization Design Information

Table of Contents
-----------------
1. Utilization by Hierarchy

1. Utilization by Hierarchy
---------------------------

+----------------------------+---------------------------------+------------+------------+---------+------+-------+--------+--------+------+------------+
|          Instance          |              Module             | Total LUTs | Logic LUTs | LUTRAMs | SRLs |  FFs  | RAMB36 | RAMB18 | URAM | DSP Blocks |
+----------------------------+---------------------------------+------------+------------+---------+------+-------+--------+--------+------+------------+
| multicore_top_vd100_bd     |                           (top) |     128375 |     117743 |    9516 | 1116 | 41374 |     81 |      0 |   64 |        144 |
|   (multicore_top_vd100_bd) |                           (top) |         60 |         60 |       0 |    0 |     0 |      0 |      0 |    0 |          0 |
|   u_inner                  |             multicore_top_vd100 |     128315 |     117683 |    9516 | 1116 | 41374 |     81 |      0 |   64 |        144 |
|     gen_core[0].u_core     |             core_top__xdcDup__1 |      42777 |      39233 |    3172 |  372 | 14083 |      8 |      0 |   31 |         48 |
|       (gen_core[0].u_core) |             core_top__xdcDup__1 |          2 |          2 |       0 |    0 |     0 |      0 |      0 |    0 |          0 |
|       g_idma_sg.u_idma_sg  |         idma_sg_dispatcher_1108 |        174 |        174 |       0 |    0 |   148 |      0 |      0 |    0 |          0 |
|       g_odma_sg.u_odma_sg  |         odma_sg_dispatcher_1109 |        222 |        222 |       0 |    0 |   171 |      0 |      0 |    0 |          0 |
|       u_axi_dm             |                          axi_dm |       4062 |       3674 |      16 |  372 |  3076 |      0 |      0 |    0 |          0 |
|         (u_axi_dm)         |                          axi_dm |          0 |          0 |       0 |    0 |     0 |      0 |      0 |    0 |          0 |
|         U0                 |             axi_dmaxi_datamover |       4062 |       3674 |      16 |  372 |  3076 |      0 |      0 |    0 |          0 |
|       u_axi_mux            |                  axi_m_mux_1110 |        142 |        142 |       0 |    0 |     6 |      0 |      0 |    0 |          0 |
|         u_arbiter          |         axi_master_arbiter_1674 |        142 |        142 |       0 |    0 |     6 |      0 |      0 |    0 |          0 |
|       u_bias_rf            |                    bias_rf_1111 |         34 |         34 |       0 |    0 |   525 |      0 |      0 |    0 |          0 |
|       u_cfg                |                   cfg_regs_1112 |        274 |        274 |       0 |    0 |    95 |      0 |      0 |    0 |          0 |
|       u_csr_bridge         |               axi_lite_csr_1113 |        158 |        158 |       0 |    0 |    62 |      0 |      0 |    0 |          0 |
|       u_desc_fifo          |                  desc_fifo_1114 |         12 |         12 |       0 |    0 |     8 |      0 |      0 |    0 |          0 |
|       u_dfe                |                        dfe_1115 |         14 |         14 |       0 |    0 |    41 |      0 |      0 |    0 |          0 |
|       u_ifb                |                 sram_model_1116 |          0 |          0 |       0 |    0 |     0 |      4 |      0 |    0 |          0 |
|       u_line_buffer        |                line_buffer_1117 |       8816 |       8740 |      76 |    0 |   258 |      0 |      0 |    0 |          0 |
|       u_mac_array          |                  mac_array_1118 |      19252 |      17204 |    2048 |    0 |  4418 |      0 |      0 |    0 |          0 |
|         (u_mac_array)      |                  mac_array_1118 |       3476 |       3476 |       0 |    0 |     2 |      0 |      0 |    0 |          0 |
|         gen_col[0].u_col   |                    mac_col_1146 |        986 |        858 |     128 |    0 |   276 |      0 |      0 |    0 |          0 |
|         gen_col[10].u_col  |                    mac_col_1147 |        986 |        858 |     128 |    0 |   276 |      0 |      0 |    0 |          0 |
|         gen_col[11].u_col  |                    mac_col_1148 |        986 |        858 |     128 |    0 |   276 |      0 |      0 |    0 |          0 |
|         gen_col[12].u_col  |                    mac_col_1149 |        986 |        858 |     128 |    0 |   276 |      0 |      0 |    0 |          0 |
|         gen_col[13].u_col  |                    mac_col_1150 |        986 |        858 |     128 |    0 |   276 |      0 |      0 |    0 |          0 |
|         gen_col[14].u_col  |                    mac_col_1151 |        986 |        858 |     128 |    0 |   276 |      0 |      0 |    0 |          0 |
|         gen_col[15].u_col  |                    mac_col_1152 |        986 |        858 |     128 |    0 |   276 |      0 |      0 |    0 |          0 |
|         gen_col[1].u_col   |                    mac_col_1153 |        986 |        858 |     128 |    0 |   276 |      0 |      0 |    0 |          0 |
|         gen_col[2].u_col   |                    mac_col_1154 |        986 |        858 |     128 |    0 |   276 |      0 |      0 |    0 |          0 |
|         gen_col[3].u_col   |                    mac_col_1155 |        986 |        858 |     128 |    0 |   276 |      0 |      0 |    0 |          0 |
|         gen_col[4].u_col   |                    mac_col_1156 |        986 |        858 |     128 |    0 |   276 |      0 |      0 |    0 |          0 |
|         gen_col[5].u_col   |                    mac_col_1157 |        986 |        858 |     128 |    0 |   276 |      0 |      0 |    0 |          0 |
|         gen_col[6].u_col   |                    mac_col_1158 |        986 |        858 |     128 |    0 |   276 |      0 |      0 |    0 |          0 |
|         gen_col[7].u_col   |                    mac_col_1159 |        986 |        858 |     128 |    0 |   276 |      0 |      0 |    0 |          0 |
|         gen_col[8].u_col   |                    mac_col_1160 |        986 |        858 |     128 |    0 |   276 |      0 |      0 |    0 |          0 |
|         gen_col[9].u_col   |                    mac_col_1161 |        986 |        858 |     128 |    0 |   276 |      0 |      0 |    0 |          0 |
|       u_mm2s_arb           |                   mm2s_arb_1119 |        112 |        104 |       8 |    0 |    26 |      0 |      0 |    0 |          0 |
|       u_ofb                |                 sram_model_1120 |          0 |          0 |       0 |    0 |     0 |      4 |      0 |    0 |          0 |
|       u_ofb_writer         |                 ofb_writer_1121 |       5921 |       5921 |       0 |    0 |  2944 |      0 |      0 |    0 |         48 |
|         (u_ofb_writer)     |                 ofb_writer_1121 |       1054 |       1054 |       0 |    0 |  1180 |      0 |      0 |    0 |          0 |
|         u_sdp              |                        sdp_1145 |       4867 |       4867 |       0 |    0 |  1764 |      0 |      0 |    0 |         48 |
|       u_parf_accum         |                 parf_accum_1122 |       1061 |         37 |    1024 |    0 |    41 |      0 |      0 |    0 |          0 |
|         (u_parf_accum)     |                 parf_accum_1122 |         37 |         37 |       0 |    0 |    41 |      0 |      0 |    0 |          0 |
|         g_col[0].u_col     |                   parf_col_1129 |         64 |          0 |      64 |    0 |     0 |      0 |      0 |    0 |          0 |
|         g_col[10].u_col    |                   parf_col_1130 |         64 |          0 |      64 |    0 |     0 |      0 |      0 |    0 |          0 |
|         g_col[11].u_col    |                   parf_col_1131 |         64 |          0 |      64 |    0 |     0 |      0 |      0 |    0 |          0 |
|         g_col[12].u_col    |                   parf_col_1132 |         64 |          0 |      64 |    0 |     0 |      0 |      0 |    0 |          0 |
|         g_col[13].u_col    |                   parf_col_1133 |         64 |          0 |      64 |    0 |     0 |      0 |      0 |    0 |          0 |
|         g_col[14].u_col    |                   parf_col_1134 |         64 |          0 |      64 |    0 |     0 |      0 |      0 |    0 |          0 |
|         g_col[15].u_col    |                   parf_col_1135 |         64 |          0 |      64 |    0 |     0 |      0 |      0 |    0 |          0 |
|         g_col[1].u_col     |                   parf_col_1136 |         64 |          0 |      64 |    0 |     0 |      0 |      0 |    0 |          0 |
|         g_col[2].u_col     |                   parf_col_1137 |         64 |          0 |      64 |    0 |     0 |      0 |      0 |    0 |          0 |
|         g_col[3].u_col     |                   parf_col_1138 |         64 |          0 |      64 |    0 |     0 |      0 |      0 |    0 |          0 |
|         g_col[4].u_col     |                   parf_col_1139 |         64 |          0 |      64 |    0 |     0 |      0 |      0 |    0 |          0 |
|         g_col[5].u_col     |                   parf_col_1140 |         64 |          0 |      64 |    0 |     0 |      0 |      0 |    0 |          0 |
|         g_col[6].u_col     |                   parf_col_1141 |         64 |          0 |      64 |    0 |     0 |      0 |      0 |    0 |          0 |
|         g_col[7].u_col     |                   parf_col_1142 |         64 |          0 |      64 |    0 |     0 |      0 |      0 |    0 |          0 |
|         g_col[8].u_col     |                   parf_col_1143 |         64 |          0 |      64 |    0 |     0 |      0 |      0 |    0 |          0 |
|         g_col[9].u_col     |                   parf_col_1144 |         64 |          0 |      64 |    0 |     0 |      0 |      0 |    0 |          0 |
|       u_rdma               |                  rdma_ctrl_1123 |         21 |         21 |       0 |    0 |    14 |      0 |      0 |    0 |          0 |
|       u_sequencer          |                  sequencer_1124 |          8 |          8 |       0 |    0 |     4 |      0 |      0 |    0 |          0 |
|       u_shortcut_bank      | sram_model__parameterized1_1125 |          0 |          0 |       0 |    0 |     0 |      0 |      0 |    2 |          0 |
|       u_wb                 | sram_model__parameterized0_1126 |          0 |          0 |       0 |    0 |     0 |      0 |      0 |   29 |          0 |
|       u_wdma               |                  wdma_ctrl_1127 |       2153 |       2153 |       0 |    0 |  2016 |      0 |      0 |    0 |          0 |
|       u_wgt_buffer         |                 wgt_buffer_1128 |        339 |        339 |       0 |    0 |   230 |      0 |      0 |    0 |          0 |
|     gen_core[1].u_core     |             core_top__xdcDup__2 |      42792 |      39248 |    3172 |  372 | 13236 |      8 |      0 |   31 |         48 |
|       (gen_core[1].u_core) |             core_top__xdcDup__2 |          2 |          2 |       0 |    0 |     0 |      0 |      0 |    0 |          0 |
|       g_idma_sg.u_idma_sg  |          idma_sg_dispatcher_541 |        174 |        174 |       0 |    0 |   148 |      0 |      0 |    0 |          0 |
|       g_odma_sg.u_odma_sg  |          odma_sg_dispatcher_542 |        222 |        222 |       0 |    0 |   171 |      0 |      0 |    0 |          0 |
|       u_axi_dm             |                   axi_dm_HD1746 |       4062 |       3674 |      16 |  372 |  3076 |      0 |      0 |    0 |          0 |
|         (u_axi_dm)         |                   axi_dm_HD1746 |          0 |          0 |       0 |    0 |     0 |      0 |      0 |    0 |          0 |
|         U0                 |      axi_dmaxi_datamover_HD1747 |       4062 |       3674 |      16 |  372 |  3076 |      0 |      0 |    0 |          0 |
|       u_axi_mux            |                   axi_m_mux_543 |        142 |        142 |       0 |    0 |     6 |      0 |      0 |    0 |          0 |
|         u_arbiter          |         axi_master_arbiter_1107 |        142 |        142 |       0 |    0 |     6 |      0 |      0 |    0 |          0 |
|       u_bias_rf            |                     bias_rf_544 |         34 |         34 |       0 |    0 |   525 |      0 |      0 |    0 |          0 |
|       u_cfg                |                    cfg_regs_545 |        274 |        274 |       0 |    0 |    95 |      0 |      0 |    0 |          0 |
|       u_csr_bridge         |                axi_lite_csr_546 |        186 |        186 |       0 |    0 |    62 |      0 |      0 |    0 |          0 |
|       u_desc_fifo          |                   desc_fifo_547 |         12 |         12 |       0 |    0 |     8 |      0 |      0 |    0 |          0 |
|       u_dfe                |                         dfe_548 |         14 |         14 |       0 |    0 |    41 |      0 |      0 |    0 |          0 |
|       u_ifb                |                  sram_model_549 |          0 |          0 |       0 |    0 |     0 |      4 |      0 |    0 |          0 |
|       u_line_buffer        |                 line_buffer_550 |       8816 |       8740 |      76 |    0 |   258 |      0 |      0 |    0 |          0 |
|       u_mac_array          |                   mac_array_551 |      19251 |      17203 |    2048 |    0 |  4418 |      0 |      0 |    0 |          0 |
|         (u_mac_array)      |                   mac_array_551 |       3475 |       3475 |       0 |    0 |     2 |      0 |      0 |    0 |          0 |
|         gen_col[0].u_col   |                     mac_col_579 |        986 |        858 |     128 |    0 |   276 |      0 |      0 |    0 |          0 |
|         gen_col[10].u_col  |                     mac_col_580 |        986 |        858 |     128 |    0 |   276 |      0 |      0 |    0 |          0 |
|         gen_col[11].u_col  |                     mac_col_581 |        986 |        858 |     128 |    0 |   276 |      0 |      0 |    0 |          0 |
|         gen_col[12].u_col  |                     mac_col_582 |        986 |        858 |     128 |    0 |   276 |      0 |      0 |    0 |          0 |
|         gen_col[13].u_col  |                     mac_col_583 |        986 |        858 |     128 |    0 |   276 |      0 |      0 |    0 |          0 |
|         gen_col[14].u_col  |                     mac_col_584 |        986 |        858 |     128 |    0 |   276 |      0 |      0 |    0 |          0 |
|         gen_col[15].u_col  |                     mac_col_585 |        986 |        858 |     128 |    0 |   276 |      0 |      0 |    0 |          0 |
|         gen_col[1].u_col   |                     mac_col_586 |        986 |        858 |     128 |    0 |   276 |      0 |      0 |    0 |          0 |
|         gen_col[2].u_col   |                     mac_col_587 |        986 |        858 |     128 |    0 |   276 |      0 |      0 |    0 |          0 |
|         gen_col[3].u_col   |                     mac_col_588 |        986 |        858 |     128 |    0 |   276 |      0 |      0 |    0 |          0 |
|         gen_col[4].u_col   |                     mac_col_589 |        986 |        858 |     128 |    0 |   276 |      0 |      0 |    0 |          0 |
|         gen_col[5].u_col   |                     mac_col_590 |        986 |        858 |     128 |    0 |   276 |      0 |      0 |    0 |          0 |
|         gen_col[6].u_col   |                     mac_col_591 |        986 |        858 |     128 |    0 |   276 |      0 |      0 |    0 |          0 |
|         gen_col[7].u_col   |                     mac_col_592 |        986 |        858 |     128 |    0 |   276 |      0 |      0 |    0 |          0 |
|         gen_col[8].u_col   |                     mac_col_593 |        986 |        858 |     128 |    0 |   276 |      0 |      0 |    0 |          0 |
|         gen_col[9].u_col   |                     mac_col_594 |        986 |        858 |     128 |    0 |   276 |      0 |      0 |    0 |          0 |
|       u_mm2s_arb           |                    mm2s_arb_552 |        112 |        104 |       8 |    0 |    26 |      0 |      0 |    0 |          0 |
|       u_ofb                |                  sram_model_553 |          0 |          0 |       0 |    0 |     0 |      4 |      0 |    0 |          0 |
|       u_ofb_writer         |                  ofb_writer_554 |       5445 |       5445 |       0 |    0 |  2109 |      0 |      0 |    0 |         48 |
|         (u_ofb_writer)     |                  ofb_writer_554 |        591 |        591 |       0 |    0 |   345 |      0 |      0 |    0 |          0 |
|         u_sdp              |                         sdp_578 |       4854 |       4854 |       0 |    0 |  1764 |      0 |      0 |    0 |         48 |
|       u_parf_accum         |                  parf_accum_555 |       1541 |        517 |    1024 |    0 |    45 |      0 |      0 |    0 |          0 |
|         (u_parf_accum)     |                  parf_accum_555 |         41 |         41 |       0 |    0 |    45 |      0 |      0 |    0 |          0 |
|         g_col[0].u_col     |                    parf_col_562 |         98 |         34 |      64 |    0 |     0 |      0 |      0 |    0 |          0 |
|         g_col[10].u_col    |                    parf_col_563 |         98 |         34 |      64 |    0 |     0 |      0 |      0 |    0 |          0 |
|         g_col[11].u_col    |                    parf_col_564 |         98 |         34 |      64 |    0 |     0 |      0 |      0 |    0 |          0 |
|         g_col[12].u_col    |                    parf_col_565 |         64 |          0 |      64 |    0 |     0 |      0 |      0 |    0 |          0 |
|         g_col[13].u_col    |                    parf_col_566 |         64 |          0 |      64 |    0 |     0 |      0 |      0 |    0 |          0 |
|         g_col[14].u_col    |                    parf_col_567 |         98 |         34 |      64 |    0 |     0 |      0 |      0 |    0 |          0 |
|         g_col[15].u_col    |                    parf_col_568 |         98 |         34 |      64 |    0 |     0 |      0 |      0 |    0 |          0 |
|         g_col[1].u_col     |                    parf_col_569 |         98 |         34 |      64 |    0 |     0 |      0 |      0 |    0 |          0 |
|         g_col[2].u_col     |                    parf_col_570 |         98 |         34 |      64 |    0 |     0 |      0 |      0 |    0 |          0 |
|         g_col[3].u_col     |                    parf_col_571 |         98 |         34 |      64 |    0 |     0 |      0 |      0 |    0 |          0 |
|         g_col[4].u_col     |                    parf_col_572 |         98 |         34 |      64 |    0 |     0 |      0 |      0 |    0 |          0 |
|         g_col[5].u_col     |                    parf_col_573 |         98 |         34 |      64 |    0 |     0 |      0 |      0 |    0 |          0 |
|         g_col[6].u_col     |                    parf_col_574 |         98 |         34 |      64 |    0 |     0 |      0 |      0 |    0 |          0 |
|         g_col[7].u_col     |                    parf_col_575 |         98 |         34 |      64 |    0 |     0 |      0 |      0 |    0 |          0 |
|         g_col[8].u_col     |                    parf_col_576 |         98 |         34 |      64 |    0 |     0 |      0 |      0 |    0 |          0 |
|         g_col[9].u_col     |                    parf_col_577 |         98 |         34 |      64 |    0 |     0 |      0 |      0 |    0 |          0 |
|       u_rdma               |                   rdma_ctrl_556 |         21 |         21 |       0 |    0 |    14 |      0 |      0 |    0 |          0 |
|       u_sequencer          |                   sequencer_557 |          8 |          8 |       0 |    0 |     4 |      0 |      0 |    0 |          0 |
|       u_shortcut_bank      |  sram_model__parameterized1_558 |          0 |          0 |       0 |    0 |     0 |      0 |      0 |    2 |          0 |
|       u_wb                 |  sram_model__parameterized0_559 |          0 |          0 |       0 |    0 |     0 |      0 |      0 |   29 |          0 |
|       u_wdma               |                   wdma_ctrl_560 |       2153 |       2153 |       0 |    0 |  2016 |      0 |      0 |    0 |          0 |
|       u_wgt_buffer         |                  wgt_buffer_561 |        323 |        323 |       0 |    0 |   214 |      0 |      0 |    0 |          0 |
|     gen_core[2].u_core     |                        core_top |      42746 |      39202 |    3172 |  372 | 14055 |     65 |      0 |    2 |         48 |
|       (gen_core[2].u_core) |                        core_top |          2 |          2 |       0 |    0 |     0 |      0 |      0 |    0 |          0 |
|       g_idma_sg.u_idma_sg  |              idma_sg_dispatcher |        174 |        174 |       0 |    0 |   148 |      0 |      0 |    0 |          0 |
|       g_odma_sg.u_odma_sg  |              odma_sg_dispatcher |        222 |        222 |       0 |    0 |   171 |      0 |      0 |    0 |          0 |
|       u_axi_dm             |                   axi_dm_HD1838 |       4062 |       3674 |      16 |  372 |  3076 |      0 |      0 |    0 |          0 |
|         (u_axi_dm)         |                   axi_dm_HD1838 |          0 |          0 |       0 |    0 |     0 |      0 |      0 |    0 |          0 |
|         U0                 |      axi_dmaxi_datamover_HD1839 |       4062 |       3674 |      16 |  372 |  3076 |      0 |      0 |    0 |          0 |
|       u_axi_mux            |                       axi_m_mux |        142 |        142 |       0 |    0 |     6 |      0 |      0 |    0 |          0 |
|         u_arbiter          |              axi_master_arbiter |        142 |        142 |       0 |    0 |     6 |      0 |      0 |    0 |          0 |
|       u_bias_rf            |                         bias_rf |         34 |         34 |       0 |    0 |   525 |      0 |      0 |    0 |          0 |
|       u_cfg                |                        cfg_regs |        274 |        274 |       0 |    0 |    95 |      0 |      0 |    0 |          0 |
|       u_csr_bridge         |                    axi_lite_csr |        156 |        156 |       0 |    0 |    62 |      0 |      0 |    0 |          0 |
|       u_desc_fifo          |                       desc_fifo |         12 |         12 |       0 |    0 |     8 |      0 |      0 |    0 |          0 |
|       u_dfe                |                             dfe |         14 |         14 |       0 |    0 |    41 |      0 |      0 |    0 |          0 |
|       u_ifb                |                      sram_model |          0 |          0 |       0 |    0 |     0 |      4 |      0 |    0 |          0 |
|       u_line_buffer        |                     line_buffer |       8816 |       8740 |      76 |    0 |   258 |      0 |      0 |    0 |          0 |
|       u_mac_array          |                       mac_array |      19251 |      17203 |    2048 |    0 |  4418 |      0 |      0 |    0 |          0 |
|         (u_mac_array)      |                       mac_array |       3475 |       3475 |       0 |    0 |     2 |      0 |      0 |    0 |          0 |
|         gen_col[0].u_col   |                         mac_col |        986 |        858 |     128 |    0 |   276 |      0 |      0 |    0 |          0 |
|         gen_col[10].u_col  |                      mac_col_16 |        986 |        858 |     128 |    0 |   276 |      0 |      0 |    0 |          0 |
|         gen_col[11].u_col  |                      mac_col_17 |        986 |        858 |     128 |    0 |   276 |      0 |      0 |    0 |          0 |
|         gen_col[12].u_col  |                      mac_col_18 |        986 |        858 |     128 |    0 |   276 |      0 |      0 |    0 |          0 |
|         gen_col[13].u_col  |                      mac_col_19 |        986 |        858 |     128 |    0 |   276 |      0 |      0 |    0 |          0 |
|         gen_col[14].u_col  |                      mac_col_20 |        986 |        858 |     128 |    0 |   276 |      0 |      0 |    0 |          0 |
|         gen_col[15].u_col  |                      mac_col_21 |        986 |        858 |     128 |    0 |   276 |      0 |      0 |    0 |          0 |
|         gen_col[1].u_col   |                      mac_col_22 |        986 |        858 |     128 |    0 |   276 |      0 |      0 |    0 |          0 |
|         gen_col[2].u_col   |                      mac_col_23 |        986 |        858 |     128 |    0 |   276 |      0 |      0 |    0 |          0 |
|         gen_col[3].u_col   |                      mac_col_24 |        986 |        858 |     128 |    0 |   276 |      0 |      0 |    0 |          0 |
|         gen_col[4].u_col   |                      mac_col_25 |        986 |        858 |     128 |    0 |   276 |      0 |      0 |    0 |          0 |
|         gen_col[5].u_col   |                      mac_col_26 |        986 |        858 |     128 |    0 |   276 |      0 |      0 |    0 |          0 |
|         gen_col[6].u_col   |                      mac_col_27 |        986 |        858 |     128 |    0 |   276 |      0 |      0 |    0 |          0 |
|         gen_col[7].u_col   |                      mac_col_28 |        986 |        858 |     128 |    0 |   276 |      0 |      0 |    0 |          0 |
|         gen_col[8].u_col   |                      mac_col_29 |        986 |        858 |     128 |    0 |   276 |      0 |      0 |    0 |          0 |
|         gen_col[9].u_col   |                      mac_col_30 |        986 |        858 |     128 |    0 |   276 |      0 |      0 |    0 |          0 |
|       u_mm2s_arb           |                        mm2s_arb |        112 |        104 |       8 |    0 |    26 |      0 |      0 |    0 |          0 |
|       u_ofb                |                    sram_model_0 |          0 |          0 |       0 |    0 |     0 |      4 |      0 |    0 |          0 |
|       u_ofb_writer         |                      ofb_writer |       5921 |       5921 |       0 |    0 |  2944 |      0 |      0 |    0 |         48 |
|         (u_ofb_writer)     |                      ofb_writer |       1054 |       1054 |       0 |    0 |  1180 |      0 |      0 |    0 |          0 |
|         u_sdp              |                             sdp |       4867 |       4867 |       0 |    0 |  1764 |      0 |      0 |    0 |         48 |
|       u_parf_accum         |                      parf_accum |       1062 |         38 |    1024 |    0 |    41 |      0 |      0 |    0 |          0 |
|         (u_parf_accum)     |                      parf_accum |         38 |         38 |       0 |    0 |    41 |      0 |      0 |    0 |          0 |
|         g_col[0].u_col     |                        parf_col |         64 |          0 |      64 |    0 |     0 |      0 |      0 |    0 |          0 |
|         g_col[10].u_col    |                      parf_col_1 |         64 |          0 |      64 |    0 |     0 |      0 |      0 |    0 |          0 |
|         g_col[11].u_col    |                      parf_col_2 |         64 |          0 |      64 |    0 |     0 |      0 |      0 |    0 |          0 |
|         g_col[12].u_col    |                      parf_col_3 |         64 |          0 |      64 |    0 |     0 |      0 |      0 |    0 |          0 |
|         g_col[13].u_col    |                      parf_col_4 |         64 |          0 |      64 |    0 |     0 |      0 |      0 |    0 |          0 |
|         g_col[14].u_col    |                      parf_col_5 |         64 |          0 |      64 |    0 |     0 |      0 |      0 |    0 |          0 |
|         g_col[15].u_col    |                      parf_col_6 |         64 |          0 |      64 |    0 |     0 |      0 |      0 |    0 |          0 |
|         g_col[1].u_col     |                      parf_col_7 |         64 |          0 |      64 |    0 |     0 |      0 |      0 |    0 |          0 |
|         g_col[2].u_col     |                      parf_col_8 |         64 |          0 |      64 |    0 |     0 |      0 |      0 |    0 |          0 |
|         g_col[3].u_col     |                      parf_col_9 |         64 |          0 |      64 |    0 |     0 |      0 |      0 |    0 |          0 |
|         g_col[4].u_col     |                     parf_col_10 |         64 |          0 |      64 |    0 |     0 |      0 |      0 |    0 |          0 |
|         g_col[5].u_col     |                     parf_col_11 |         64 |          0 |      64 |    0 |     0 |      0 |      0 |    0 |          0 |
|         g_col[6].u_col     |                     parf_col_12 |         64 |          0 |      64 |    0 |     0 |      0 |      0 |    0 |          0 |
|         g_col[7].u_col     |                     parf_col_13 |         64 |          0 |      64 |    0 |     0 |      0 |      0 |    0 |          0 |
|         g_col[8].u_col     |                     parf_col_14 |         64 |          0 |      64 |    0 |     0 |      0 |      0 |    0 |          0 |
|         g_col[9].u_col     |                     parf_col_15 |         64 |          0 |      64 |    0 |     0 |      0 |      0 |    0 |          0 |
|       u_rdma               |                       rdma_ctrl |         21 |         21 |       0 |    0 |    14 |      0 |      0 |    0 |          0 |
|       u_sequencer          |                       sequencer |          8 |          8 |       0 |    0 |     4 |      0 |      0 |    0 |          0 |
|       u_shortcut_bank      |      sram_model__parameterized1 |          0 |          0 |       0 |    0 |     0 |      0 |      0 |    2 |          0 |
|       u_wb                 |      sram_model__parameterized0 |          0 |          0 |       0 |    0 |     0 |     57 |      0 |    0 |          0 |
|       u_wdma               |                       wdma_ctrl |       2185 |       2185 |       0 |    0 |  2049 |      0 |      0 |    0 |          0 |
|       u_wgt_buffer         |                      wgt_buffer |        278 |        278 |       0 |    0 |   169 |      0 |      0 |    0 |          0 |
+----------------------------+---------------------------------+------------+------------+---------+------+-------+--------+--------+------+------------+


